Microchip MPLAB XC8 Compiler V2.05 ()

Linker command line:

-W-3 --edf=C:\Program Files (x86)\Microchip\xc8\v2.05\pic\dat\en_msgs.txt \
  -cs -h+dist/default/production\Mi_Reloj.X.production.sym \
  --cmf=dist/default/production\Mi_Reloj.X.production.cmf -z -Q18F4550 \
  -oC:\Users\DIEGOM~1\AppData\Local\Temp\s6u0.2 --defsym=__MPLAB_BUILD=1 \
  -Mdist/default/production/Mi_Reloj.X.production.map -E1 -ver=XC8 \
  --acfsm=1493 -ASTACK=060h-07FFh -pstack=STACK -ACODE=00h-07FFFh \
  -ACONST=00h-07FFFh -ASMALLCONST=0800h-08FFhx120 \
  -AMEDIUMCONST=0800h-07FFFh -ACOMRAM=01h-05Fh -AABS1=00h-07FFh \
  -ABIGRAM=01h-07FFh -ARAM=060h-0FFh,0100h-01FFhx7 -ABANK0=060h-0FFh \
  -ABANK1=0100h-01FFh -ABANK2=0200h-02FFh -ABANK3=0300h-03FFh \
  -ABANK4=0400h-04FFh -ABANK5=0500h-05FFh -ABANK6=0600h-06FFh \
  -ABANK7=0700h-07FFh -ASFR=0F60h-0FFFh \
  -preset_vec=00h,intcode=08h,intcodelo,powerup,init -pramtop=0800h \
  -psmallconst=SMALLCONST -pmediumconst=MEDIUMCONST -pconst=CONST \
  -AFARRAM=00h-00h -ACONFIG=0300000h-030000Dh -pconfig=CONFIG \
  -AIDLOC=0200000h-0200007h -pidloc=IDLOC -AEEDATA=0F00000h-0F000FFh \
  -peeprom_data=EEDATA \
  -prdata=COMRAM,nvrram=COMRAM,nvbit=COMRAM,rbss=COMRAM,rbit=COMRAM \
  -pfarbss=FARRAM,fardata=FARRAM,nvFARRAM=FARRAM \
  -pintsave_regs=BIGRAM,bigbss=BIGRAM,bigdata=BIGRAM -pbss=RAM \
  -pidata=CODE,irdata=CODE,ibigdata=CODE,ifardata=CODE -prparam=COMRAM \
  C:\Users\DIEGOM~1\AppData\Local\Temp\s6u0.o \
  dist/default/production\Mi_Reloj.X.production.o 

Object code version is 3.11

Machine type is 18F4550

Call graph: (short form)




                Name                               Link     Load   Length Selector   Space Scale
C:\Users\DIEGOM~1\AppData\Local\Temp\s6u0.o
                init                                  E        E        4        4       0
                reset_vec                             0        0        4        0       0
                idloc                            200000   200000        8   200000       0
                config                           300000   300000        E   300000       0
dist/default/production\Mi_Reloj.X.production.o
                intcode                               8        8        6        4       0
                temp                                 5E       5E        1        1       1
                intcode_body                        C82      C82       2E        4       0
                text14                              C00      C00       48        4       0
                text13                              932      932       9A        4       0
                text12                              BB8      BB8       48        4       0
                text11                              6FE      6FE       C6        4       0
                text10                              CCA      CCA       16        4       0
                text9                               9CC      9CC       90        4       0
                text8                               A5C      A5C       84        4       0
                text7                               AE0      AE0       70        4       0
                text6                                12       12      352        4       0
                text5                               7C4      7C4       BA        4       0
                text4                               4AC      4AC      140        4       0
                text3                               364      364      148        4       0
                text2                               87E      87E       B4        4       0
                text1                               5EC      5EC      112        4       0
                text0                               B50      B50       68        4       0
                cstackCOMRAM                          1        1       3B        1       1
                dataCOMRAM                           3C       3C       1A        1       1
                bssCOMRAM                            56       56        8        1       1
                cinit                               C48      C48       3A        4       0
                idataCOMRAM                         CB0      CB0       1A        4       0

TOTAL           Name                               Link     Load   Length     Space
        CLASS   STACK          

        CLASS   CODE           
                intcode                               8        8        6         0
                init                                  E        E        4         0
                reset_vec                             0        0        4         0
                intcode_body                        C82      C82       2E         0
                text14                              C00      C00       48         0
                text13                              932      932       9A         0
                text12                              BB8      BB8       48         0
                text11                              6FE      6FE       C6         0
                text10                              CCA      CCA       16         0
                text9                               9CC      9CC       90         0
                text8                               A5C      A5C       84         0
                text7                               AE0      AE0       70         0
                text6                                12       12      352         0
                text5                               7C4      7C4       BA         0
                text4                               4AC      4AC      140         0
                text3                               364      364      148         0
                text2                               87E      87E       B4         0
                text1                               5EC      5EC      112         0
                text0                               B50      B50       68         0
                cinit                               C48      C48       3A         0
                idataCOMRAM                         CB0      CB0       1A         0

        CLASS   CONST          

        CLASS   SMALLCONST     

        CLASS   MEDIUMCONST    

        CLASS   COMRAM         
                temp                                 5E       5E        1         1
                cstackCOMRAM                          1        1       3B         1
                dataCOMRAM                           3C       3C       1A         1
                bssCOMRAM                            56       56        8         1

        CLASS   ABS1           

        CLASS   BIGRAM         

        CLASS   RAM            

        CLASS   BANK0          

        CLASS   BANK1          

        CLASS   BANK2          

        CLASS   BANK3          

        CLASS   BANK4          

        CLASS   BANK5          

        CLASS   BANK6          

        CLASS   BANK7          

        CLASS   SFR            

        CLASS   FARRAM         

        CLASS   CONFIG         
                config                           300000   300000        E         0

        CLASS   IDLOC          
                idloc                            200000   200000        8         0

        CLASS   EEDATA         



SEGMENTS        Name                           Load    Length   Top    Selector   Space  Class

                reset_vec                      000000  000004  000004         0       0  CODE    
                cstackCOMRAM                   000001  00005E  00005F         1       1  COMRAM  
                intcode                        000008  000CD8  000CE0         4       0  CODE    
                idloc                          200000  000008  200008    200000       0  IDLOC   
                config                         300000  00000E  30000E    300000       0  CONFIG  


UNUSED ADDRESS RANGES

        Name                Unused          Largest block    Delta
        BANK0            000060-0000FF               A0
        BANK1            000100-0001FF              100
        BANK2            000200-0002FF              100
        BANK3            000300-0003FF              100
        BANK4            000400-0004FF              100
        BANK5            000500-0005FF              100
        BANK6            000600-0006FF              100
        BANK7            000700-0007FF              100
        BIGRAM           00005F-0007FF              7A1
        CODE             000004-000007                4
                         000CE0-007FFF             7320
        COMRAM           00005F-00005F                1
        CONST            000004-000007                4
                         000CE0-007FFF             7320
        EEDATA           F00000-F000FF              100
        MEDIUMCONST      000CE0-007FFF             7320
        RAM              000060-0007FF              100
        SFR              000F60-000FFF               A0
        SMALLCONST       000CE0-007FFF              100
        STACK            000060-0007FF              7A0

                                  Symbol Table

?___awdiv                      cstackCOMRAM 000001
?___awmod                      cstackCOMRAM 000009
?___flmul                      cstackCOMRAM 00000F
?___fltol                      cstackCOMRAM 000028
?___xxtofl                     cstackCOMRAM 000001
_ADCON0bits                    (abs)        000FC2
_ADCON1                        (abs)        000FC1
_ADCON2                        (abs)        000FC0
_ADRESH                        (abs)        000FC4
_ADRESL                        (abs)        000FC3
_INTCONbits                    (abs)        000FF2
_LATA                          (abs)        000F89
_LATD                          (abs)        000F8C
_PORTBbits                     (abs)        000F81
_T0CON                         (abs)        000FD5
_T0CONbits                     (abs)        000FD5
_TMR0                          (abs)        000FD6
_TRISA                         (abs)        000F92
_TRISB                         (abs)        000F93
_TRISD                         (abs)        000F95
__CFG_BOR$OFF                  (abs)        000000
__CFG_BORV$3                   (abs)        000000
__CFG_CCP2MX$OFF               (abs)        000000
__CFG_CP0$OFF                  (abs)        000000
__CFG_CP1$OFF                  (abs)        000000
__CFG_CP2$OFF                  (abs)        000000
__CFG_CP3$OFF                  (abs)        000000
__CFG_CPB$OFF                  (abs)        000000
__CFG_CPD$OFF                  (abs)        000000
__CFG_CPUDIV$OSC1_PLL2         (abs)        000000
__CFG_EBTR0$OFF                (abs)        000000
__CFG_EBTR1$OFF                (abs)        000000
__CFG_EBTR2$OFF                (abs)        000000
__CFG_EBTR3$OFF                (abs)        000000
__CFG_EBTRB$OFF                (abs)        000000
__CFG_FCMEN$OFF                (abs)        000000
__CFG_FOSC$XT_XT               (abs)        000000
__CFG_ICPRT$OFF                (abs)        000000
__CFG_IESO$OFF                 (abs)        000000
__CFG_LPT1OSC$OFF              (abs)        000000
__CFG_LVP$OFF                  (abs)        000000
__CFG_MCLRE$OFF                (abs)        000000
__CFG_PBADEN$OFF               (abs)        000000
__CFG_PLLDIV$1                 (abs)        000000
__CFG_PWRT$OFF                 (abs)        000000
__CFG_STVREN$OFF               (abs)        000000
__CFG_USBDIV$1                 (abs)        000000
__CFG_VREGEN$OFF               (abs)        000000
__CFG_WDT$OFF                  (abs)        000000
__CFG_WDTPS$32768              (abs)        000000
__CFG_WRT0$OFF                 (abs)        000000
__CFG_WRT1$OFF                 (abs)        000000
__CFG_WRT2$OFF                 (abs)        000000
__CFG_WRT3$OFF                 (abs)        000000
__CFG_WRTB$OFF                 (abs)        000000
__CFG_WRTC$OFF                 (abs)        000000
__CFG_WRTD$OFF                 (abs)        000000
__CFG_XINST$OFF                (abs)        000000
__HRAM                         (abs)        000000
__Habs1                        abs1         000000
__Hbank0                       bank0        000000
__Hbank1                       bank1        000000
__Hbank2                       bank2        000000
__Hbank3                       bank3        000000
__Hbank4                       bank4        000000
__Hbank5                       bank5        000000
__Hbank6                       bank6        000000
__Hbank7                       bank7        000000
__Hbigbss                      bigbss       000000
__Hbigdata                     bigdata      000000
__Hbigram                      bigram       000000
__Hbss                         bss          000000
__HbssCOMRAM                   bssCOMRAM    000000
__Hcinit                       cinit        000000
__Hclrtext                     clrtext      000000
__Hcomram                      comram       000000
__Hconfig                      config       30000E
__Hconst                       const        000000
__HcstackCOMRAM                cstackCOMRAM 000000
__Hdata                        data         000000
__HdataCOMRAM                  dataCOMRAM   000000
__Heeprom_data                 eeprom_data  000000
__Hfarbss                      farbss       000000
__Hfardata                     fardata      000000
__Hibigdata                    ibigdata     000000
__Hidata                       idata        000000
__HidataCOMRAM                 idataCOMRAM  000000
__Hidloc                       idloc        200008
__Hifardata                    ifardata     000000
__Hinit                        init         000012
__Hintcode                     intcode      00000E
__Hintcode_body                intcode_body 000000
__Hintcodelo                   intcodelo    00000E
__Hintentry                    intentry     000000
__Hintret                      intret       000000
__Hintsave_regs                intsave_regs 000000
__Hirdata                      irdata       000000
__Hmediumconst                 mediumconst  000000
__HnvFARRAM                    nvFARRAM     000000
__Hnvbit                       nvbit        000000
__Hnvrram                      nvrram       000000
__Hparam                       rparam       000000
__Hpowerup                     powerup      00000E
__Hram                         ram          000000
__Hramtop                      ramtop       000800
__Hrbit                        rbit         000000
__Hrbss                        rbss         000000
__Hrdata                       rdata        000000
__Hreset_vec                   reset_vec    000004
__Hrparam                      rparam       000000
__Hsfr                         sfr          000000
__Hsmallconst                  smallconst   000000
__Hspace_0                     (abs)        30000E
__Hspace_1                     (abs)        00005F
__Hspace_2                     (abs)        000000
__Hstack                       stack        000000
__Hstruct                      struct       000000
__Htemp                        temp         00005F
__Htext                        text         000000
__Htext0                       text0        000000
__Htext1                       text1        000000
__Htext10                      text10       000000
__Htext11                      text11       000000
__Htext12                      text12       000000
__Htext13                      text13       000000
__Htext14                      text14       000000
__Htext2                       text2        000000
__Htext3                       text3        000000
__Htext4                       text4        000000
__Htext5                       text5        000000
__Htext6                       text6        000000
__Htext7                       text7        000000
__Htext8                       text8        000000
__Htext9                       text9        000000
__LRAM                         (abs)        000001
__Labs1                        abs1         000000
__Lbank0                       bank0        000000
__Lbank1                       bank1        000000
__Lbank2                       bank2        000000
__Lbank3                       bank3        000000
__Lbank4                       bank4        000000
__Lbank5                       bank5        000000
__Lbank6                       bank6        000000
__Lbank7                       bank7        000000
__Lbigbss                      bigbss       000000
__Lbigdata                     bigdata      000000
__Lbigram                      bigram       000000
__Lbss                         bss          000000
__LbssCOMRAM                   bssCOMRAM    000000
__Lcinit                       cinit        000000
__Lclrtext                     clrtext      000000
__Lcomram                      comram       000000
__Lconfig                      config       300000
__Lconst                       const        000000
__LcstackCOMRAM                cstackCOMRAM 000000
__Ldata                        data         000000
__LdataCOMRAM                  dataCOMRAM   000000
__Leeprom_data                 eeprom_data  000000
__Lfarbss                      farbss       000000
__Lfardata                     fardata      000000
__Libigdata                    ibigdata     000000
__Lidata                       idata        000000
__LidataCOMRAM                 idataCOMRAM  000000
__Lidloc                       idloc        200000
__Lifardata                    ifardata     000000
__Linit                        init         00000E
__Lintcode                     intcode      000008
__Lintcode_body                intcode_body 000000
__Lintcodelo                   intcodelo    00000E
__Lintentry                    intentry     000000
__Lintret                      intret       000000
__Lintsave_regs                intsave_regs 000000
__Lirdata                      irdata       000000
__Lmediumconst                 mediumconst  000000
__LnvFARRAM                    nvFARRAM     000000
__Lnvbit                       nvbit        000000
__Lnvrram                      nvrram       000000
__Lparam                       rparam       000000
__Lpowerup                     powerup      00000E
__Lram                         ram          000000
__Lramtop                      ramtop       000800
__Lrbit                        rbit         000000
__Lrbss                        rbss         000000
__Lrdata                       rdata        000000
__Lreset_vec                   reset_vec    000000
__Lrparam                      rparam       000000
__Lsfr                         sfr          000000
__Lsmallconst                  smallconst   000000
__Lspace_0                     (abs)        000000
__Lspace_1                     (abs)        000000
__Lspace_2                     (abs)        000000
__Lstack                       stack        000000
__Lstruct                      struct       000000
__Ltemp                        temp         00005E
__Ltext                        text         000000
__Ltext0                       text0        000000
__Ltext1                       text1        000000
__Ltext10                      text10       000000
__Ltext11                      text11       000000
__Ltext12                      text12       000000
__Ltext13                      text13       000000
__Ltext14                      text14       000000
__Ltext2                       text2        000000
__Ltext3                       text3        000000
__Ltext4                       text4        000000
__Ltext5                       text5        000000
__Ltext6                       text6        000000
__Ltext7                       text7        000000
__Ltext8                       text8        000000
__Ltext9                       text9        000000
__S0                           (abs)        30000E
__S1                           (abs)        00005F
__S2                           (abs)        000000
___awdiv                       text8        000A5C
___awdiv@counter               cstackCOMRAM 000005
___awdiv@dividend              cstackCOMRAM 000001
___awdiv@divisor               cstackCOMRAM 000003
___awdiv@quotient              cstackCOMRAM 000007
___awdiv@sign                  cstackCOMRAM 000006
___awmod                       text7        000AE0
___awmod@counter               cstackCOMRAM 00000D
___awmod@dividend              cstackCOMRAM 000009
___awmod@divisor               cstackCOMRAM 00000B
___awmod@sign                  cstackCOMRAM 00000E
___flmul                       text6        000012
___flmul@a                     cstackCOMRAM 000013
___flmul@aexp                  cstackCOMRAM 000020
___flmul@b                     cstackCOMRAM 00000F
___flmul@bexp                  cstackCOMRAM 000021
___flmul@grs                   cstackCOMRAM 00001C
___flmul@prod                  cstackCOMRAM 000022
___flmul@sign                  cstackCOMRAM 00001B
___flmul@temp                  cstackCOMRAM 000026
___fltol                       text5        0007C4
___fltol@exp1                  cstackCOMRAM 000031
___fltol@f1                    cstackCOMRAM 000028
___fltol@sign1                 cstackCOMRAM 000030
___inthi_sp                    stack        000000
___intlo_sp                    stack        000000
___param_bank                  (abs)        000000
___rparam_used                 (abs)        000001
___sp                          stack        000000
___xxtofl                      text4        0004AC
___xxtofl@arg                  cstackCOMRAM 00000B
___xxtofl@exp                  cstackCOMRAM 00000A
___xxtofl@sign                 cstackCOMRAM 000009
___xxtofl@val                  cstackCOMRAM 000001
__accesstop                    (abs)        000060
__activetblptr                 (abs)        000002
__end_of___awdiv               text8        000AE0
__end_of___awmod               text7        000B50
__end_of___flmul               text6        000364
__end_of___fltol               text5        00087E
__end_of___xxtofl              text4        0005EC
__end_of__initialization       cinit        000C74
__end_of_ajustarReloj          text10       000CE0
__end_of_controlBotones        text11       0007C4
__end_of_controlContadores     text9        000A5C
__end_of_dameTemperatura       text3        0004AC
__end_of_desbordamiento        intcode_body 000CB0
__end_of_main                  text0        000BB8
__end_of_mostrarDigitos        text2        000932
__end_of_parpadearDigitos      text1        0006FE
__end_of_validaDecenasMinutos  text14       000C48
__end_of_validaHoras           text13       0009CC
__end_of_validaMinutos         text12       000C00
__initialization               cinit        000C48
__mediumconst                  mediumconst  000000
__pbssCOMRAM                   bssCOMRAM    000056
__pcinit                       cinit        000C48
__pcstackCOMRAM                cstackCOMRAM 000001
__pdataCOMRAM                  dataCOMRAM   00003C
__pidataCOMRAM                 idataCOMRAM  000CB0
__pintcode                     intcode      000008
__pintcode_body                intcode_body 000C82
__ptext0                       text0        000B50
__ptext1                       text1        0005EC
__ptext10                      text10       000CCA
__ptext11                      text11       0006FE
__ptext12                      text12       000BB8
__ptext13                      text13       000932
__ptext14                      text14       000C00
__ptext2                       text2        00087E
__ptext3                       text3        000364
__ptext4                       text4        0004AC
__ptext5                       text5        0007C4
__ptext6                       text6        000012
__ptext7                       text7        000AE0
__ptext8                       text8        000A5C
__ptext9                       text9        0009CC
__ramtop                       ramtop       000800
__size_of___awdiv              (abs)        000000
__size_of___awmod              (abs)        000000
__size_of___flmul              (abs)        000000
__size_of___fltol              (abs)        000000
__size_of___xxtofl             (abs)        000000
__size_of_ajustarReloj         (abs)        000000
__size_of_controlBotones       (abs)        000000
__size_of_controlContadores    (abs)        000000
__size_of_dameTemperatura      (abs)        000000
__size_of_desbordamiento       (abs)        000000
__size_of_main                 (abs)        000000
__size_of_mostrarDigitos       (abs)        000000
__size_of_parpadearDigitos     (abs)        000000
__size_of_validaDecenasMinutos (abs)        000000
__size_of_validaHoras          (abs)        000000
__size_of_validaMinutos        (abs)        000000
__smallconst                   smallconst   000000
_ajustarReloj                  text10       000CCA
_contDecHora                   dataCOMRAM   000052
_contDecMin                    bssCOMRAM    00005C
_contHora                      dataCOMRAM   000054
_contMin                       bssCOMRAM    00005A
_contadorBotonSet              bssCOMRAM    000058
_controlBotones                text11       0006FE
_controlContadores             text9        0009CC
_dameTemperatura               text3        000364
_desbordamiento                intcode      000008
_digitoActual                  bssCOMRAM    000056
_interrupcionesRealizar        dataCOMRAM   000050
_main                          text0        000B50
_mostrarDigitos                text2        00087E
_numeros                       dataCOMRAM   00003C
_parpadearDigitos              text1        0005EC
_validaDecenasMinutos          text14       000C00
_validaHoras                   text13       000932
_validaMinutos                 text12       000BB8
btemp                          temp         00005E
dameTemperatura@decenas        cstackCOMRAM 000038
dameTemperatura@repeticiones   cstackCOMRAM 000036
dameTemperatura@temperatura    cstackCOMRAM 00003A
dameTemperatura@unidades       cstackCOMRAM 000034
end_of_initialization          cinit        000C74
int$flags                      temp         00005E
int_func                       intcode_body 000C82
intlevel0                      text         000000
intlevel1                      text         000000
intlevel2                      text         000000
intlevel3                      text         000000
parpadearDigitos@repeticiones  cstackCOMRAM 000002
stackhi                        (abs)        0007FF
stacklo                        (abs)        000060
start                          init         00000E
start_initialization           cinit        000C48
ttemp5                         temp         00005F
ttemp6                         temp         000062
ttemp7                         temp         000066
wtemp8                         temp         00005F


FUNCTION INFORMATION:

 *************** function _main *****************
 Defined at:
		line 291 in file "main.c"
 Parameters:    Size  Location     Type
		None
 Auto vars:     Size  Location     Type
		None
 Return value:  Size  Location     Type
                  1    wreg      void 
 Registers used:
		wreg, fsr2l, fsr2h, status,2, status,0, prodl, prodh, cstack
 Tracked objects:
		On entry : 
		On exit  : 
		Unchanged: 
 Data sizes:     COMRAM   BANK0   BANK1   BANK2   BANK3   BANK4   BANK5   BANK6   BANK7
      Params:         0       0       0       0       0       0       0       0       0
      Locals:         0       0       0       0       0       0       0       0       0
      Temps:          0       0       0       0       0       0       0       0       0
      Totals:         0       0       0       0       0       0       0       0       0
Total ram usage:        0 bytes
 Hardware stack levels required when called:    3
 This function calls:
		_controlBotones
		_controlContadores
		_dameTemperatura
		_mostrarDigitos
		_parpadearDigitos
 This function is called by:
		Startup code after reset
 This function uses a non-reentrant model


 *************** function _parpadearDigitos *****************
 Defined at:
		line 210 in file "main.c"
 Parameters:    Size  Location     Type
		None
 Auto vars:     Size  Location     Type
  repeticiones    2    1[COMRAM] unsigned int 
 Return value:  Size  Location     Type
                  1    wreg      void 
 Registers used:
		wreg, fsr2l, fsr2h, status,2, status,0
 Tracked objects:
		On entry : 
		On exit  : 
		Unchanged: 
 Data sizes:     COMRAM   BANK0   BANK1   BANK2   BANK3   BANK4   BANK5   BANK6   BANK7
      Params:         0       0       0       0       0       0       0       0       0
      Locals:         2       0       0       0       0       0       0       0       0
      Temps:          1       0       0       0       0       0       0       0       0
      Totals:         3       0       0       0       0       0       0       0       0
Total ram usage:        3 bytes
 Hardware stack levels used:    1
 Hardware stack levels required when called:    1
 This function calls:
		Nothing
 This function is called by:
		_main
 This function uses a non-reentrant model


 *************** function _mostrarDigitos *****************
 Defined at:
		line 269 in file "main.c"
 Parameters:    Size  Location     Type
		None
 Auto vars:     Size  Location     Type
		None
 Return value:  Size  Location     Type
                  1    wreg      void 
 Registers used:
		wreg, fsr2l, fsr2h, status,2, status,0
 Tracked objects:
		On entry : 
		On exit  : 
		Unchanged: 
 Data sizes:     COMRAM   BANK0   BANK1   BANK2   BANK3   BANK4   BANK5   BANK6   BANK7
      Params:         0       0       0       0       0       0       0       0       0
      Locals:         0       0       0       0       0       0       0       0       0
      Temps:          1       0       0       0       0       0       0       0       0
      Totals:         1       0       0       0       0       0       0       0       0
Total ram usage:        1 bytes
 Hardware stack levels used:    1
 Hardware stack levels required when called:    1
 This function calls:
		Nothing
 This function is called by:
		_main
 This function uses a non-reentrant model


 *************** function _dameTemperatura *****************
 Defined at:
		line 69 in file "main.c"
 Parameters:    Size  Location     Type
		None
 Auto vars:     Size  Location     Type
  temperatura     2   57[COMRAM] int 
  decenas         2   55[COMRAM] int 
  repeticiones    2   53[COMRAM] int 
  unidades        2   51[COMRAM] int 
 Return value:  Size  Location     Type
                  1    wreg      void 
 Registers used:
		wreg, fsr2l, fsr2h, status,2, status,0, prodl, prodh, cstack
 Tracked objects:
		On entry : 
		On exit  : 
		Unchanged: 
 Data sizes:     COMRAM   BANK0   BANK1   BANK2   BANK3   BANK4   BANK5   BANK6   BANK7
      Params:         0       0       0       0       0       0       0       0       0
      Locals:         8       0       0       0       0       0       0       0       0
      Temps:          2       0       0       0       0       0       0       0       0
      Totals:        10       0       0       0       0       0       0       0       0
Total ram usage:       10 bytes
 Hardware stack levels used:    1
 Hardware stack levels required when called:    2
 This function calls:
		___awdiv
		___awmod
		___flmul
		___fltol
		___xxtofl
 This function is called by:
		_main
 This function uses a non-reentrant model


 *************** function ___xxtofl *****************
 Defined at:
		line 10 in file "C:\Program Files (x86)\Microchip\xc8\v2.05\pic\sources\c99\common\xxtofl.c"
 Parameters:    Size  Location     Type
  sign            1    wreg     unsigned char 
  val             4    0[COMRAM] long 
 Auto vars:     Size  Location     Type
  sign            1    8[COMRAM] unsigned char 
  arg             4   10[COMRAM] unsigned long 
  exp             1    9[COMRAM] unsigned char 
 Return value:  Size  Location     Type
                  4    0[COMRAM] unsigned char 
 Registers used:
		wreg, status,2, status,0
 Tracked objects:
		On entry : 
		On exit  : 
		Unchanged: 
 Data sizes:     COMRAM   BANK0   BANK1   BANK2   BANK3   BANK4   BANK5   BANK6   BANK7
      Params:         4       0       0       0       0       0       0       0       0
      Locals:         6       0       0       0       0       0       0       0       0
      Temps:          4       0       0       0       0       0       0       0       0
      Totals:        14       0       0       0       0       0       0       0       0
Total ram usage:       14 bytes
 Hardware stack levels used:    1
 Hardware stack levels required when called:    1
 This function calls:
		Nothing
 This function is called by:
		_dameTemperatura
 This function uses a non-reentrant model


 *************** function ___fltol *****************
 Defined at:
		line 43 in file "C:\Program Files (x86)\Microchip\xc8\v2.05\pic\sources\c99\common\fltol.c"
 Parameters:    Size  Location     Type
  f1              4   39[COMRAM] unsigned char 
 Auto vars:     Size  Location     Type
  exp1            1   48[COMRAM] unsigned char 
  sign1           1   47[COMRAM] unsigned char 
 Return value:  Size  Location     Type
                  4   39[COMRAM] long 
 Registers used:
		wreg, status,2, status,0
 Tracked objects:
		On entry : 
		On exit  : 
		Unchanged: 
 Data sizes:     COMRAM   BANK0   BANK1   BANK2   BANK3   BANK4   BANK5   BANK6   BANK7
      Params:         4       0       0       0       0       0       0       0       0
      Locals:         2       0       0       0       0       0       0       0       0
      Temps:          4       0       0       0       0       0       0       0       0
      Totals:        10       0       0       0       0       0       0       0       0
Total ram usage:       10 bytes
 Hardware stack levels used:    1
 Hardware stack levels required when called:    1
 This function calls:
		Nothing
 This function is called by:
		_dameTemperatura
 This function uses a non-reentrant model


 *************** function ___flmul *****************
 Defined at:
		line 8 in file "C:\Program Files (x86)\Microchip\xc8\v2.05\pic\sources\c99\common\sprcmul.c"
 Parameters:    Size  Location     Type
  b               4   14[COMRAM] long 
  a               4   18[COMRAM] long 
 Auto vars:     Size  Location     Type
  prod            4   33[COMRAM] struct .
  grs             4   27[COMRAM] unsigned long 
  temp            2   37[COMRAM] struct .
  bexp            1   32[COMRAM] unsigned char 
  aexp            1   31[COMRAM] unsigned char 
  sign            1   26[COMRAM] unsigned char 
 Return value:  Size  Location     Type
                  4   14[COMRAM] unsigned char 
 Registers used:
		wreg, status,2, status,0, prodl, prodh
 Tracked objects:
		On entry : 
		On exit  : 
		Unchanged: 
 Data sizes:     COMRAM   BANK0   BANK1   BANK2   BANK3   BANK4   BANK5   BANK6   BANK7
      Params:         8       0       0       0       0       0       0       0       0
      Locals:        13       0       0       0       0       0       0       0       0
      Temps:          4       0       0       0       0       0       0       0       0
      Totals:        25       0       0       0       0       0       0       0       0
Total ram usage:       25 bytes
 Hardware stack levels used:    1
 Hardware stack levels required when called:    1
 This function calls:
		Nothing
 This function is called by:
		_dameTemperatura
 This function uses a non-reentrant model


 *************** function ___awmod *****************
 Defined at:
		line 7 in file "C:\Program Files (x86)\Microchip\xc8\v2.05\pic\sources\c99\common\awmod.c"
 Parameters:    Size  Location     Type
  dividend        2    8[COMRAM] int 
  divisor         2   10[COMRAM] int 
 Auto vars:     Size  Location     Type
  sign            1   13[COMRAM] unsigned char 
  counter         1   12[COMRAM] unsigned char 
 Return value:  Size  Location     Type
                  2    8[COMRAM] int 
 Registers used:
		wreg, status,2, status,0
 Tracked objects:
		On entry : 
		On exit  : 
		Unchanged: 
 Data sizes:     COMRAM   BANK0   BANK1   BANK2   BANK3   BANK4   BANK5   BANK6   BANK7
      Params:         4       0       0       0       0       0       0       0       0
      Locals:         2       0       0       0       0       0       0       0       0
      Temps:          0       0       0       0       0       0       0       0       0
      Totals:         6       0       0       0       0       0       0       0       0
Total ram usage:        6 bytes
 Hardware stack levels used:    1
 Hardware stack levels required when called:    1
 This function calls:
		Nothing
 This function is called by:
		_dameTemperatura
 This function uses a non-reentrant model


 *************** function ___awdiv *****************
 Defined at:
		line 7 in file "C:\Program Files (x86)\Microchip\xc8\v2.05\pic\sources\c99\common\awdiv.c"
 Parameters:    Size  Location     Type
  dividend        2    0[COMRAM] int 
  divisor         2    2[COMRAM] int 
 Auto vars:     Size  Location     Type
  quotient        2    6[COMRAM] int 
  sign            1    5[COMRAM] unsigned char 
  counter         1    4[COMRAM] unsigned char 
 Return value:  Size  Location     Type
                  2    0[COMRAM] int 
 Registers used:
		wreg, status,2, status,0
 Tracked objects:
		On entry : 
		On exit  : 
		Unchanged: 
 Data sizes:     COMRAM   BANK0   BANK1   BANK2   BANK3   BANK4   BANK5   BANK6   BANK7
      Params:         4       0       0       0       0       0       0       0       0
      Locals:         4       0       0       0       0       0       0       0       0
      Temps:          0       0       0       0       0       0       0       0       0
      Totals:         8       0       0       0       0       0       0       0       0
Total ram usage:        8 bytes
 Hardware stack levels used:    1
 Hardware stack levels required when called:    1
 This function calls:
		Nothing
 This function is called by:
		_dameTemperatura
 This function uses a non-reentrant model


 *************** function _controlContadores *****************
 Defined at:
		line 103 in file "main.c"
 Parameters:    Size  Location     Type
		None
 Auto vars:     Size  Location     Type
		None
 Return value:  Size  Location     Type
                  1    wreg      void 
 Registers used:
		wreg, status,2, status,0, cstack
 Tracked objects:
		On entry : 
		On exit  : 
		Unchanged: 
 Data sizes:     COMRAM   BANK0   BANK1   BANK2   BANK3   BANK4   BANK5   BANK6   BANK7
      Params:         0       0       0       0       0       0       0       0       0
      Locals:         0       0       0       0       0       0       0       0       0
      Temps:          0       0       0       0       0       0       0       0       0
      Totals:         0       0       0       0       0       0       0       0       0
Total ram usage:        0 bytes
 Hardware stack levels used:    1
 Hardware stack levels required when called:    2
 This function calls:
		_ajustarReloj
 This function is called by:
		_main
 This function uses a non-reentrant model


 *************** function _ajustarReloj *****************
 Defined at:
		line 204 in file "main.c"
 Parameters:    Size  Location     Type
		None
 Auto vars:     Size  Location     Type
		None
 Return value:  Size  Location     Type
                  1    wreg      void 
 Registers used:
		wreg
 Tracked objects:
		On entry : 
		On exit  : 
		Unchanged: 
 Data sizes:     COMRAM   BANK0   BANK1   BANK2   BANK3   BANK4   BANK5   BANK6   BANK7
      Params:         0       0       0       0       0       0       0       0       0
      Locals:         0       0       0       0       0       0       0       0       0
      Temps:          1       0       0       0       0       0       0       0       0
      Totals:         1       0       0       0       0       0       0       0       0
Total ram usage:        1 bytes
 Hardware stack levels used:    1
 Hardware stack levels required when called:    1
 This function calls:
		Nothing
 This function is called by:
		_controlContadores
 This function uses a non-reentrant model


 *************** function _controlBotones *****************
 Defined at:
		line 131 in file "main.c"
 Parameters:    Size  Location     Type
		None
 Auto vars:     Size  Location     Type
		None
 Return value:  Size  Location     Type
                  1    wreg      void 
 Registers used:
		wreg, fsr2l, fsr2h, status,2, status,0, cstack
 Tracked objects:
		On entry : 
		On exit  : 
		Unchanged: 
 Data sizes:     COMRAM   BANK0   BANK1   BANK2   BANK3   BANK4   BANK5   BANK6   BANK7
      Params:         0       0       0       0       0       0       0       0       0
      Locals:         0       0       0       0       0       0       0       0       0
      Temps:          2       0       0       0       0       0       0       0       0
      Totals:         2       0       0       0       0       0       0       0       0
Total ram usage:        2 bytes
 Hardware stack levels used:    1
 Hardware stack levels required when called:    2
 This function calls:
		_validaDecenasMinutos
		_validaHoras
		_validaMinutos
 This function is called by:
		_main
 This function uses a non-reentrant model


 *************** function _validaMinutos *****************
 Defined at:
		line 40 in file "main.c"
 Parameters:    Size  Location     Type
		None
 Auto vars:     Size  Location     Type
		None
 Return value:  Size  Location     Type
                  1    wreg      void 
 Registers used:
		wreg, fsr2l, fsr2h, status,2, status,0
 Tracked objects:
		On entry : 
		On exit  : 
		Unchanged: 
 Data sizes:     COMRAM   BANK0   BANK1   BANK2   BANK3   BANK4   BANK5   BANK6   BANK7
      Params:         0       0       0       0       0       0       0       0       0
      Locals:         0       0       0       0       0       0       0       0       0
      Temps:          2       0       0       0       0       0       0       0       0
      Totals:         2       0       0       0       0       0       0       0       0
Total ram usage:        2 bytes
 Hardware stack levels used:    1
 Hardware stack levels required when called:    1
 This function calls:
		Nothing
 This function is called by:
		_controlBotones
 This function uses a non-reentrant model


 *************** function _validaHoras *****************
 Defined at:
		line 56 in file "main.c"
 Parameters:    Size  Location     Type
		None
 Auto vars:     Size  Location     Type
		None
 Return value:  Size  Location     Type
                  1    wreg      void 
 Registers used:
		wreg, fsr2l, fsr2h, status,2, status,0
 Tracked objects:
		On entry : 
		On exit  : 
		Unchanged: 
 Data sizes:     COMRAM   BANK0   BANK1   BANK2   BANK3   BANK4   BANK5   BANK6   BANK7
      Params:         0       0       0       0       0       0       0       0       0
      Locals:         0       0       0       0       0       0       0       0       0
      Temps:          2       0       0       0       0       0       0       0       0
      Totals:         2       0       0       0       0       0       0       0       0
Total ram usage:        2 bytes
 Hardware stack levels used:    1
 Hardware stack levels required when called:    1
 This function calls:
		Nothing
 This function is called by:
		_controlBotones
 This function uses a non-reentrant model


 *************** function _validaDecenasMinutos *****************
 Defined at:
		line 48 in file "main.c"
 Parameters:    Size  Location     Type
		None
 Auto vars:     Size  Location     Type
		None
 Return value:  Size  Location     Type
                  1    wreg      void 
 Registers used:
		wreg, fsr2l, fsr2h, status,2, status,0
 Tracked objects:
		On entry : 
		On exit  : 
		Unchanged: 
 Data sizes:     COMRAM   BANK0   BANK1   BANK2   BANK3   BANK4   BANK5   BANK6   BANK7
      Params:         0       0       0       0       0       0       0       0       0
      Locals:         0       0       0       0       0       0       0       0       0
      Temps:          2       0       0       0       0       0       0       0       0
      Totals:         2       0       0       0       0       0       0       0       0
Total ram usage:        2 bytes
 Hardware stack levels used:    1
 Hardware stack levels required when called:    1
 This function calls:
		Nothing
 This function is called by:
		_controlBotones
 This function uses a non-reentrant model


 *************** function _desbordamiento *****************
 Defined at:
		line 25 in file "main.c"
 Parameters:    Size  Location     Type
		None
 Auto vars:     Size  Location     Type
		None
 Return value:  Size  Location     Type
                  1    wreg      void 
 Registers used:
		wreg, status,2, status,0
 Tracked objects:
		On entry : 
		On exit  : 
		Unchanged: 
 Data sizes:     COMRAM   BANK0   BANK1   BANK2   BANK3   BANK4   BANK5   BANK6   BANK7
      Params:         0       0       0       0       0       0       0       0       0
      Locals:         0       0       0       0       0       0       0       0       0
      Temps:          0       0       0       0       0       0       0       0       0
      Totals:         0       0       0       0       0       0       0       0       0
Total ram usage:        0 bytes
 Hardware stack levels used:    1
 This function calls:
		Nothing
 This function is called by:
		Interrupt level 2
 This function uses a non-reentrant model



MODULE INFORMATION

Module		Function		Class		Link	Load	Size
C:\Program Files (x86)\Microchip\xc8\v2.05\pic\sources\c99\common\awmod.c
		___awmod       		CODE           	0AE0	0000	113

C:\Program Files (x86)\Microchip\xc8\v2.05\pic\sources\c99\common\awmod.c estimated size: 113

C:\Program Files (x86)\Microchip\xc8\v2.05\pic\sources\c99\common\xxtofl.c
		___xxtofl      		CODE           	04AC	0000	321

C:\Program Files (x86)\Microchip\xc8\v2.05\pic\sources\c99\common\xxtofl.c estimated size: 321

C:\Program Files (x86)\Microchip\xc8\v2.05\pic\sources\c99\common\awdiv.c
		___awdiv       		CODE           	0A5C	0000	133

C:\Program Files (x86)\Microchip\xc8\v2.05\pic\sources\c99\common\awdiv.c estimated size: 133

C:\Program Files (x86)\Microchip\xc8\v2.05\pic\sources\c99\common\fltol.c
		___fltol       		CODE           	07C4	0000	187

C:\Program Files (x86)\Microchip\xc8\v2.05\pic\sources\c99\common\fltol.c estimated size: 187

C:\Program Files (x86)\Microchip\xc8\v2.05\pic\sources\c99\common\sprcmul.c
		___flmul       		CODE           	0012	0000	851

C:\Program Files (x86)\Microchip\xc8\v2.05\pic\sources\c99\common\sprcmul.c estimated size: 851

shared
		__initialization		CODE           	0C48	0000	45

shared estimated size: 45

main.c
		_desbordamiento		CODE           	0008	0000	53
		_ajustarReloj  		CODE           	0CCA	0000	23
		_validaHoras   		CODE           	0932	0000	155
		_mostrarDigitos		CODE           	087E	0000	181
		_main          		CODE           	0B50	0000	105
		_dameTemperatura		CODE           	0364	0000	329
		_controlBotones		CODE           	06FE	0000	199
		_parpadearDigitos		CODE           	05EC	0000	275
		_controlContadores		CODE           	09CC	0000	145
		_validaMinutos 		CODE           	0BB8	0000	73
		_validaDecenasMinutos		CODE           	0C00	0000	73

main.c estimated size: 1611

